---
source: crates/service/tests/diagnostics/typeck.rs
expression: response
---
{
  "kind": "full",
  "items": [
    {
      "range": {
        "start": {
          "line": 3,
          "character": 17
        },
        "end": {
          "line": 3,
          "character": 30
        }
      },
      "severity": 1,
      "code": "type-check",
      "source": "wat",
      "message": "expected type `i32`, found `i64`"
    }
  ]
}
