---
source: crates/service/tests/diagnostics/elem_type.rs
expression: response
---
{
  "kind": "full",
  "items": [
    {
      "range": {
        "start": {
          "line": 5,
          "character": 18
        },
        "end": {
          "line": 5,
          "character": 31
        }
      },
      "severity": 1,
      "code": "elem-type",
      "source": "wat",
      "message": "ref type `(ref null $s)` doesn't match ref type `(ref null func)` of table `0`"
    }
  ]
}
