---
source: crates/service/tests/diagnostics/undef.rs
expression: response
---
{
  "kind": "full",
  "items": [
    {
      "range": {
        "start": {
          "line": 4,
          "character": 4
        },
        "end": {
          "line": 4,
          "character": 12
        }
      },
      "severity": 1,
      "code": "undef",
      "source": "wat",
      "message": "cannot find memory `0` in this scope"
    },
    {
      "range": {
        "start": {
          "line": 7,
          "character": 13
        },
        "end": {
          "line": 7,
          "character": 14
        }
      },
      "severity": 1,
      "code": "undef",
      "source": "wat",
      "message": "cannot find memory `0` in this scope"
    },
    {
      "range": {
        "start": {
          "line": 9,
          "character": 21
        },
        "end": {
          "line": 9,
          "character": 22
        }
      },
      "severity": 1,
      "code": "undef",
      "source": "wat",
      "message": "cannot find memory `0` in this scope"
    }
  ]
}
