---
source: crates/service/tests/diagnostics/implicit_module.rs
expression: response
---
{
  "kind": "full",
  "items": [
    {
      "range": {
        "start": {
          "line": 0,
          "character": 7
        },
        "end": {
          "line": 0,
          "character": 7
        }
      },
      "severity": 1,
      "code": "syntax",
      "source": "wat",
      "message": "syntax error: expected `)`"
    }
  ]
}
