---
source: crates/service/tests/diagnostics/typeck.rs
expression: response
---
{
  "kind": "full",
  "items": [
    {
      "range": {
        "start": {
          "line": 4,
          "character": 6
        },
        "end": {
          "line": 4,
          "character": 14
        }
      },
      "severity": 1,
      "code": "type-check",
      "source": "wat",
      "message": "expected types [i32], found []"
    },
    {
      "range": {
        "start": {
          "line": 9,
          "character": 6
        },
        "end": {
          "line": 9,
          "character": 14
        }
      },
      "severity": 1,
      "code": "type-check",
      "source": "wat",
      "message": "expected types [i32], found [f32]",
      "relatedInformation": [
        {
          "location": {
            "uri": "untitled:test",
            "range": {
              "start": {
                "line": 8,
                "character": 6
              },
              "end": {
                "line": 8,
                "character": 19
              }
            }
          },
          "message": "expected type `i32`, found `f32`"
        }
      ]
    },
    {
      "range": {
        "start": {
          "line": 15,
          "character": 6
        },
        "end": {
          "line": 15,
          "character": 14
        }
      },
      "severity": 1,
      "code": "type-check",
      "source": "wat",
      "message": "expected types [i32], found [i32, i32]"
    },
    {
      "range": {
        "start": {
          "line": 19,
          "character": 6
        },
        "end": {
          "line": 19,
          "character": 12
        }
      },
      "severity": 1,
      "code": "type-check",
      "source": "wat",
      "message": "expected types [i32], found []"
    },
    {
      "range": {
        "start": {
          "line": 25,
          "character": 6
        },
        "end": {
          "line": 25,
          "character": 12
        }
      },
      "severity": 1,
      "code": "type-check",
      "source": "wat",
      "message": "expected types [i32], found [f32]",
      "relatedInformation": [
        {
          "location": {
            "uri": "untitled:test",
            "range": {
              "start": {
                "line": 24,
                "character": 6
              },
              "end": {
                "line": 24,
                "character": 17
              }
            }
          },
          "message": "expected type `i32`, found `f32`"
        }
      ]
    },
    {
      "range": {
        "start": {
          "line": 32,
          "character": 6
        },
        "end": {
          "line": 32,
          "character": 12
        }
      },
      "severity": 1,
      "code": "type-check",
      "source": "wat",
      "message": "expected types [i32], found [i32, i32]"
    }
  ]
}
