---
source: crates/parser/tests/parse.rs
---
ROOT@0..1284
  MODULE@0..651
    L_PAREN@0..1 "("
    KEYWORD@1..7 "module"
    WHITESPACE@7..10 "\n  "
    MODULE_FIELD_TABLE@10..649
      L_PAREN@10..11 "("
      KEYWORD@11..16 "table"
      WHITESPACE@16..17 " "
      REF_TYPE@17..24 "funcref"
      WHITESPACE@24..29 "\n    "
      ELEM@29..645
        L_PAREN@29..30 "("
        KEYWORD@30..34 "elem"
        WHITESPACE@34..41 "\n      "
        INDEX@41..51
          IDENT@41..51 "$const-i32"
        WHITESPACE@51..52 " "
        INDEX@52..62
          IDENT@52..62 "$const-i64"
        WHITESPACE@62..63 " "
        INDEX@63..73
          IDENT@63..73 "$const-f32"
        WHITESPACE@73..74 " "
        INDEX@74..84
          IDENT@74..84 "$const-f64"
        WHITESPACE@84..86 "  "
        LINE_COMMENT@86..93 ";; 0..3"
        WHITESPACE@93..100 "\n      "
        INDEX@100..107
          IDENT@100..107 "$id-i32"
        WHITESPACE@107..108 " "
        INDEX@108..115
          IDENT@108..115 "$id-i64"
        WHITESPACE@115..116 " "
        INDEX@116..123
          IDENT@116..123 "$id-f32"
        WHITESPACE@123..124 " "
        INDEX@124..131
          IDENT@124..131 "$id-f64"
        WHITESPACE@131..145 "              "
        LINE_COMMENT@145..152 ";; 4..7"
        WHITESPACE@152..159 "\n      "
        INDEX@159..167
          IDENT@159..167 "$f32-i32"
        WHITESPACE@167..168 " "
        INDEX@168..176
          IDENT@168..176 "$i32-i64"
        WHITESPACE@176..177 " "
        INDEX@177..185
          IDENT@177..185 "$f64-f32"
        WHITESPACE@185..186 " "
        INDEX@186..194
          IDENT@186..194 "$i64-f64"
        WHITESPACE@194..204 "          "
        LINE_COMMENT@204..212 ";; 9..11"
        WHITESPACE@212..219 "\n      "
        INDEX@219..227
          IDENT@219..227 "$fac-i64"
        WHITESPACE@227..228 " "
        INDEX@228..236
          IDENT@228..236 "$fib-i64"
        WHITESPACE@236..237 " "
        INDEX@237..242
          IDENT@237..242 "$even"
        WHITESPACE@242..243 " "
        INDEX@243..247
          IDENT@243..247 "$odd"
        WHITESPACE@247..264 "                 "
        LINE_COMMENT@264..273 ";; 12..15"
        WHITESPACE@273..280 "\n      "
        INDEX@280..288
          IDENT@280..288 "$runaway"
        WHITESPACE@288..289 " "
        INDEX@289..305
          IDENT@289..305 "$mutual-runaway1"
        WHITESPACE@305..306 " "
        INDEX@306..322
          IDENT@306..322 "$mutual-runaway2"
        WHITESPACE@322..325 "   "
        LINE_COMMENT@325..334 ";; 16..18"
        WHITESPACE@334..341 "\n      "
        INDEX@341..360
          IDENT@341..360 "$over-i32-duplicate"
        WHITESPACE@360..361 " "
        INDEX@361..380
          IDENT@361..380 "$over-i64-duplicate"
        WHITESPACE@380..386 "      "
        LINE_COMMENT@386..395 ";; 19..20"
        WHITESPACE@395..402 "\n      "
        INDEX@402..421
          IDENT@402..421 "$over-f32-duplicate"
        WHITESPACE@421..422 " "
        INDEX@422..441
          IDENT@422..441 "$over-f64-duplicate"
        WHITESPACE@441..447 "      "
        LINE_COMMENT@447..456 ";; 21..22"
        WHITESPACE@456..463 "\n      "
        INDEX@463..471
          IDENT@463..471 "$fac-i32"
        WHITESPACE@471..472 " "
        INDEX@472..480
          IDENT@472..480 "$fac-f32"
        WHITESPACE@480..481 " "
        INDEX@481..489
          IDENT@481..489 "$fac-f64"
        WHITESPACE@489..508 "                   "
        LINE_COMMENT@508..517 ";; 23..25"
        WHITESPACE@517..524 "\n      "
        INDEX@524..532
          IDENT@524..532 "$fib-i32"
        WHITESPACE@532..533 " "
        INDEX@533..541
          IDENT@533..541 "$fib-f32"
        WHITESPACE@541..542 " "
        INDEX@542..550
          IDENT@542..550 "$fib-f64"
        WHITESPACE@550..569 "                   "
        LINE_COMMENT@569..578 ";; 26..28"
        WHITESPACE@578..585 "\n      "
        INDEX@585..599
          IDENT@585..599 "$const-f64-i32"
        WHITESPACE@599..600 " "
        INDEX@600..611
          IDENT@600..611 "$id-i32-f64"
        WHITESPACE@611..612 " "
        INDEX@612..625
          IDENT@612..625 "$swap-i32-i64"
        WHITESPACE@625..630 "     "
        LINE_COMMENT@630..639 ";; 29..31"
        WHITESPACE@639..644 "\n    "
        R_PAREN@644..645 ")"
      WHITESPACE@645..648 "\n  "
      R_PAREN@648..649 ")"
    WHITESPACE@649..650 "\n"
    R_PAREN@650..651 ")"
  WHITESPACE@651..653 "\n\n"
  MODULE@653..1283
    L_PAREN@653..654 "("
    KEYWORD@654..660 "module"
    WHITESPACE@660..663 "\n  "
    MODULE_FIELD_TABLE@663..680
      L_PAREN@663..664 "("
      KEYWORD@664..669 "table"
      WHITESPACE@669..670 " "
      TABLE_TYPE@670..679
        LIMITS@670..671
          UNSIGNED_INT@670..671 "1"
        WHITESPACE@671..672 " "
        REF_TYPE@672..679 "funcref"
      R_PAREN@679..680 ")"
    WHITESPACE@680..683 "\n  "
    MODULE_FIELD_FUNC@683..715
      L_PAREN@683..684 "("
      KEYWORD@684..688 "func"
      WHITESPACE@688..689 " "
      PLAIN_INSTR@689..700
        INSTR_NAME@689..700 "unreachable"
      WHITESPACE@700..701 " "
      PLAIN_INSTR@701..714
        INSTR_NAME@701..714 "call_indirect"
      R_PAREN@714..715 ")"
    WHITESPACE@715..718 "\n  "
    MODULE_FIELD_FUNC@718..754
      L_PAREN@718..719 "("
      KEYWORD@719..723 "func"
      WHITESPACE@723..724 " "
      PLAIN_INSTR@724..735
        INSTR_NAME@724..735 "unreachable"
      WHITESPACE@735..736 " "
      PLAIN_INSTR@736..749
        INSTR_NAME@736..749 "call_indirect"
      WHITESPACE@749..750 " "
      PLAIN_INSTR@750..753
        INSTR_NAME@750..753 "nop"
      R_PAREN@753..754 ")"
    WHITESPACE@754..757 "\n  "
    MODULE_FIELD_FUNC@757..803
      L_PAREN@757..758 "("
      KEYWORD@758..762 "func"
      WHITESPACE@762..763 " "
      PLAIN_INSTR@763..774
        INSTR_NAME@763..774 "unreachable"
      WHITESPACE@774..775 " "
      PLAIN_INSTR@775..788
        INSTR_NAME@775..788 "call_indirect"
      WHITESPACE@788..789 " "
      PLAIN_INSTR@789..802
        INSTR_NAME@789..802 "call_indirect"
      R_PAREN@802..803 ")"
    WHITESPACE@803..806 "\n  "
    MODULE_FIELD_FUNC@806..854
      L_PAREN@806..807 "("
      KEYWORD@807..811 "func"
      WHITESPACE@811..812 " "
      PLAIN_INSTR@812..823
        INSTR_NAME@812..823 "unreachable"
      WHITESPACE@823..824 " "
      PLAIN_INSTR@824..837
        INSTR_NAME@824..837 "call_indirect"
      WHITESPACE@837..838 " "
      PLAIN_INSTR@838..853
        L_PAREN@838..839 "("
        INSTR_NAME@839..852 "call_indirect"
        R_PAREN@852..853 ")"
      R_PAREN@853..854 ")"
    WHITESPACE@854..857 "\n  "
    MODULE_FIELD_FUNC@857..917
      L_PAREN@857..858 "("
      KEYWORD@858..862 "func"
      WHITESPACE@862..863 " "
      PLAIN_INSTR@863..874
        INSTR_NAME@863..874 "unreachable"
      WHITESPACE@874..875 " "
      PLAIN_INSTR@875..888
        INSTR_NAME@875..888 "call_indirect"
      WHITESPACE@888..889 " "
      PLAIN_INSTR@889..902
        INSTR_NAME@889..902 "call_indirect"
      WHITESPACE@902..903 " "
      PLAIN_INSTR@903..916
        INSTR_NAME@903..916 "call_indirect"
      R_PAREN@916..917 ")"
    WHITESPACE@917..920 "\n  "
    MODULE_FIELD_FUNC@920..961
      L_PAREN@920..921 "("
      KEYWORD@921..925 "func"
      WHITESPACE@925..926 " "
      PLAIN_INSTR@926..937
        INSTR_NAME@926..937 "unreachable"
      WHITESPACE@937..938 " "
      PLAIN_INSTR@938..960
        INSTR_NAME@938..951 "call_indirect"
        WHITESPACE@951..952 " "
        OPERAND@952..960
          TYPE_USE@952..960
            RESULT@952..960
              L_PAREN@952..953 "("
              KEYWORD@953..959 "result"
              R_PAREN@959..960 ")"
      R_PAREN@960..961 ")"
    WHITESPACE@961..964 "\n  "
    MODULE_FIELD_FUNC@964..1014
      L_PAREN@964..965 "("
      KEYWORD@965..969 "func"
      WHITESPACE@969..970 " "
      PLAIN_INSTR@970..981
        INSTR_NAME@970..981 "unreachable"
      WHITESPACE@981..982 " "
      PLAIN_INSTR@982..1013
        INSTR_NAME@982..995 "call_indirect"
        WHITESPACE@995..996 " "
        OPERAND@996..1013
          TYPE_USE@996..1013
            RESULT@996..1004
              L_PAREN@996..997 "("
              KEYWORD@997..1003 "result"
              R_PAREN@1003..1004 ")"
            WHITESPACE@1004..1005 " "
            RESULT@1005..1013
              L_PAREN@1005..1006 "("
              KEYWORD@1006..1012 "result"
              R_PAREN@1012..1013 ")"
      R_PAREN@1013..1014 ")"
    WHITESPACE@1014..1017 "\n  "
    MODULE_FIELD_FUNC@1017..1081
      L_PAREN@1017..1018 "("
      KEYWORD@1018..1022 "func"
      WHITESPACE@1022..1023 " "
      PLAIN_INSTR@1023..1034
        INSTR_NAME@1023..1034 "unreachable"
      WHITESPACE@1034..1035 " "
      PLAIN_INSTR@1035..1066
        INSTR_NAME@1035..1048 "call_indirect"
        WHITESPACE@1048..1049 " "
        OPERAND@1049..1066
          TYPE_USE@1049..1066
            RESULT@1049..1057
              L_PAREN@1049..1050 "("
              KEYWORD@1050..1056 "result"
              R_PAREN@1056..1057 ")"
            WHITESPACE@1057..1058 " "
            RESULT@1058..1066
              L_PAREN@1058..1059 "("
              KEYWORD@1059..1065 "result"
              R_PAREN@1065..1066 ")"
      WHITESPACE@1066..1067 " "
      PLAIN_INSTR@1067..1080
        INSTR_NAME@1067..1080 "call_indirect"
      R_PAREN@1080..1081 ")"
    WHITESPACE@1081..1084 "\n  "
    MODULE_FIELD_FUNC@1084..1157
      L_PAREN@1084..1085 "("
      KEYWORD@1085..1089 "func"
      WHITESPACE@1089..1090 " "
      PLAIN_INSTR@1090..1101
        INSTR_NAME@1090..1101 "unreachable"
      WHITESPACE@1101..1102 " "
      PLAIN_INSTR@1102..1133
        INSTR_NAME@1102..1115 "call_indirect"
        WHITESPACE@1115..1116 " "
        OPERAND@1116..1133
          TYPE_USE@1116..1133
            RESULT@1116..1124
              L_PAREN@1116..1117 "("
              KEYWORD@1117..1123 "result"
              R_PAREN@1123..1124 ")"
            WHITESPACE@1124..1125 " "
            RESULT@1125..1133
              L_PAREN@1125..1126 "("
              KEYWORD@1126..1132 "result"
              R_PAREN@1132..1133 ")"
      WHITESPACE@1133..1134 " "
      PLAIN_INSTR@1134..1156
        INSTR_NAME@1134..1147 "call_indirect"
        WHITESPACE@1147..1148 " "
        OPERAND@1148..1156
          TYPE_USE@1148..1156
            RESULT@1148..1156
              L_PAREN@1148..1149 "("
              KEYWORD@1149..1155 "result"
              R_PAREN@1155..1156 ")"
      R_PAREN@1156..1157 ")"
    WHITESPACE@1157..1160 "\n  "
    MODULE_FIELD_FUNC@1160..1212
      L_PAREN@1160..1161 "("
      KEYWORD@1161..1165 "func"
      WHITESPACE@1165..1166 " "
      TYPE_USE@1166..1178
        RESULT@1166..1178
          L_PAREN@1166..1167 "("
          KEYWORD@1167..1173 "result"
          WHITESPACE@1173..1174 " "
          VAL_TYPE@1174..1177
            NUM_TYPE@1174..1177 "i32"
          R_PAREN@1177..1178 ")"
      WHITESPACE@1178..1179 " "
      PLAIN_INSTR@1179..1190
        INSTR_NAME@1179..1190 "unreachable"
      WHITESPACE@1190..1191 " "
      PLAIN_INSTR@1191..1204
        INSTR_NAME@1191..1204 "call_indirect"
      WHITESPACE@1204..1205 " "
      PLAIN_INSTR@1205..1211
        INSTR_NAME@1205..1211 "select"
      R_PAREN@1211..1212 ")"
    WHITESPACE@1212..1215 "\n  "
    MODULE_FIELD_FUNC@1215..1281
      L_PAREN@1215..1216 "("
      KEYWORD@1216..1220 "func"
      WHITESPACE@1220..1221 " "
      TYPE_USE@1221..1233
        RESULT@1221..1233
          L_PAREN@1221..1222 "("
          KEYWORD@1222..1228 "result"
          WHITESPACE@1228..1229 " "
          VAL_TYPE@1229..1232
            NUM_TYPE@1229..1232 "i32"
          R_PAREN@1232..1233 ")"
      WHITESPACE@1233..1234 " "
      PLAIN_INSTR@1234..1245
        INSTR_NAME@1234..1245 "unreachable"
      WHITESPACE@1245..1246 " "
      PLAIN_INSTR@1246..1259
        INSTR_NAME@1246..1259 "call_indirect"
      WHITESPACE@1259..1260 " "
      PLAIN_INSTR@1260..1266
        INSTR_NAME@1260..1266 "select"
      WHITESPACE@1266..1267 " "
      PLAIN_INSTR@1267..1280
        INSTR_NAME@1267..1280 "call_indirect"
      R_PAREN@1280..1281 ")"
    WHITESPACE@1281..1282 "\n"
    R_PAREN@1282..1283 ")"
  WHITESPACE@1283..1284 "\n"
