---
source: crates/service/tests/completion/tag.rs
expression: response
---
[
  {
    "label": "0",
    "labelDetails": {
      "description": "[i32, f32]"
    },
    "kind": 6,
    "detail": "(tag (param i32) (param f32) (result i64))"
  },
  {
    "label": "$e",
    "labelDetails": {
      "description": "[i32]"
    },
    "kind": 6,
    "detail": "(tag $e (param i32) (result f32))"
  }
]
