---
source: crates/service/tests/completion/instr.rs
expression: response
---
[
  {
    "label": "i32.const",
    "kind": 24
  },
  {
    "label": "i64.const",
    "kind": 24
  },
  {
    "label": "f32.const",
    "kind": 24
  },
  {
    "label": "f64.const",
    "kind": 24
  },
  {
    "label": "i32.add",
    "kind": 24
  },
  {
    "label": "i32.sub",
    "kind": 24
  },
  {
    "label": "i32.mul",
    "kind": 24
  },
  {
    "label": "i64.add",
    "kind": 24
  },
  {
    "label": "i64.sub",
    "kind": 24
  },
  {
    "label": "i64.mul",
    "kind": 24
  },
  {
    "label": "global.get",
    "kind": 24
  },
  {
    "label": "v128.const",
    "kind": 24
  },
  {
    "label": "ref.null",
    "kind": 24
  },
  {
    "label": "ref.i31",
    "kind": 24
  },
  {
    "label": "ref.func",
    "kind": 24
  },
  {
    "label": "struct.new",
    "kind": 24
  },
  {
    "label": "struct.new_default",
    "kind": 24
  },
  {
    "label": "array.new",
    "kind": 24
  },
  {
    "label": "array.new_default",
    "kind": 24
  },
  {
    "label": "array.new_fixed",
    "kind": 24
  },
  {
    "label": "any.convert_extern",
    "kind": 24
  },
  {
    "label": "extern.convert_any",
    "kind": 24
  }
]
