---
source: crates/service/tests/completion/func.rs
expression: response
---
[
  {
    "label": "$func",
    "labelDetails": {
      "description": "[] -> []"
    },
    "kind": 3,
    "detail": "(func $func)",
    "documentation": {
      "kind": "markdown",
      "value": ""
    },
    "textEdit": {
      "range": {
        "start": {
          "line": 2,
          "character": 10
        },
        "end": {
          "line": 2,
          "character": 11
        }
      },
      "newText": "$func"
    }
  }
]
