---
source: crates/service/tests/completion/local.rs
expression: response
---
[
  {
    "label": "$p",
    "labelDetails": {
      "description": "i32"
    },
    "kind": 6,
    "textEdit": {
      "range": {
        "start": {
          "line": 3,
          "character": 18
        },
        "end": {
          "line": 3,
          "character": 19
        }
      },
      "newText": "$p"
    }
  },
  {
    "label": "1",
    "labelDetails": {
      "description": "f32"
    },
    "kind": 6,
    "textEdit": {
      "range": {
        "start": {
          "line": 3,
          "character": 18
        },
        "end": {
          "line": 3,
          "character": 19
        }
      },
      "newText": "1"
    }
  },
  {
    "label": "2",
    "labelDetails": {
      "description": "f64"
    },
    "kind": 6,
    "textEdit": {
      "range": {
        "start": {
          "line": 3,
          "character": 18
        },
        "end": {
          "line": 3,
          "character": 19
        }
      },
      "newText": "2"
    }
  },
  {
    "label": "$l",
    "labelDetails": {
      "description": "i32"
    },
    "kind": 6,
    "textEdit": {
      "range": {
        "start": {
          "line": 3,
          "character": 18
        },
        "end": {
          "line": 3,
          "character": 19
        }
      },
      "newText": "$l"
    }
  },
  {
    "label": "4",
    "labelDetails": {
      "description": "f32"
    },
    "kind": 6,
    "textEdit": {
      "range": {
        "start": {
          "line": 3,
          "character": 18
        },
        "end": {
          "line": 3,
          "character": 19
        }
      },
      "newText": "4"
    }
  },
  {
    "label": "5",
    "labelDetails": {
      "description": "f64"
    },
    "kind": 6,
    "textEdit": {
      "range": {
        "start": {
          "line": 3,
          "character": 18
        },
        "end": {
          "line": 3,
          "character": 19
        }
      },
      "newText": "5"
    }
  }
]
