---
source: crates/service/tests/completion/tag.rs
expression: response
---
[
  {
    "label": "0",
    "labelDetails": {
      "description": "[]"
    },
    "kind": 6,
    "detail": "(tag)",
    "textEdit": {
      "range": {
        "start": {
          "line": 4,
          "character": 18
        },
        "end": {
          "line": 4,
          "character": 20
        }
      },
      "newText": "0"
    }
  },
  {
    "label": "$e",
    "labelDetails": {
      "description": "[]"
    },
    "kind": 6,
    "detail": "(tag $e)",
    "textEdit": {
      "range": {
        "start": {
          "line": 4,
          "character": 18
        },
        "end": {
          "line": 4,
          "character": 20
        }
      },
      "newText": "$e"
    }
  }
]
