---
source: crates/service/tests/completion/global.rs
expression: response
---
[
  {
    "label": "0",
    "labelDetails": {
      "description": "i32"
    },
    "kind": 6,
    "textEdit": {
      "range": {
        "start": {
          "line": 2,
          "character": 22
        },
        "end": {
          "line": 2,
          "character": 23
        }
      },
      "newText": "0"
    }
  },
  {
    "label": "$global",
    "labelDetails": {
      "description": "i32"
    },
    "kind": 6,
    "textEdit": {
      "range": {
        "start": {
          "line": 2,
          "character": 22
        },
        "end": {
          "line": 2,
          "character": 23
        }
      },
      "newText": "$global"
    }
  }
]
