---
source: crates/formatter/tests/fmt.rs
---
(module
  (func
    (local i32)
    (local i64)
    (local f32))
  (func
    (local i32)
    (local i64)
    (local f32))
  (func
    (local $1 i32)
    (local $2 i32)
    (local $3 i32))
  (func
    (local $1 i32)
    (local $2 i32)
    (local $3 i32))
  (func
    (local $1 i32)
    (;;)
    (local $2 i32)
    (local $3 i32)))
