---
source: crates/service/tests/code_action/expand_ref_type.rs
expression: response
---
[
  {
    "title": "Expand `arrayref`",
    "kind": "refactor.rewrite",
    "edit": {
      "changes": {
        "untitled:test": [
          {
            "range": {
              "start": {
                "line": 2,
                "character": 15
              },
              "end": {
                "line": 2,
                "character": 23
              }
            },
            "newText": "(ref null array)"
          }
        ]
      }
    }
  }
]
