---
source: crates/service/tests/code_action/clean_no_types.rs
expression: response
---
[
  {
    "title": "Remove empty param",
    "kind": "refactor",
    "edit": {
      "changes": {
        "untitled:test": [
          {
            "range": {
              "start": {
                "line": 2,
                "character": 8
              },
              "end": {
                "line": 2,
                "character": 16
              }
            },
            "newText": ""
          }
        ]
      }
    }
  }
]
