---
source: crates/service/tests/code_action/simplify_ref_type.rs
expression: response
---
[
  {
    "title": "Simplify to `structref`",
    "kind": "refactor.rewrite",
    "edit": {
      "changes": {
        "untitled:test": [
          {
            "range": {
              "start": {
                "line": 2,
                "character": 15
              },
              "end": {
                "line": 2,
                "character": 32
              }
            },
            "newText": "structref"
          }
        ]
      }
    }
  }
]
