---
source: crates/service/tests/references/mod.rs
expression: include_decl
---
[
  {
    "uri": "untitled:test",
    "range": {
      "start": {
        "line": 2,
        "character": 36
      },
      "end": {
        "line": 2,
        "character": 42
      }
    }
  },
  {
    "uri": "untitled:test",
    "range": {
      "start": {
        "line": 3,
        "character": 19
      },
      "end": {
        "line": 3,
        "character": 20
      }
    }
  },
  {
    "uri": "untitled:test",
    "range": {
      "start": {
        "line": 3,
        "character": 33
      },
      "end": {
        "line": 3,
        "character": 39
      }
    }
  }
]
