---
source: crates/service/tests/references/mod.rs
expression: exclude_decl
---
[
  {
    "uri": "untitled:test",
    "range": {
      "start": {
        "line": 4,
        "character": 16
      },
      "end": {
        "line": 4,
        "character": 17
      }
    }
  },
  {
    "uri": "untitled:test",
    "range": {
      "start": {
        "line": 5,
        "character": 4
      },
      "end": {
        "line": 5,
        "character": 19
      }
    }
  }
]
