---
source: crates/service/tests/references/mod.rs
expression: response
---
[
  {
    "uri": "untitled:test",
    "range": {
      "start": {
        "line": 2,
        "character": 3
      },
      "end": {
        "line": 2,
        "character": 9
      }
    }
  },
  {
    "uri": "untitled:test",
    "range": {
      "start": {
        "line": 4,
        "character": 16
      },
      "end": {
        "line": 4,
        "character": 17
      }
    }
  }
]
