---
source: crates/service/tests/document_symbol/mod.rs
expression: response
---
[
  {
    "name": "module",
    "kind": 2,
    "range": {
      "start": {
        "line": 1,
        "character": 0
      },
      "end": {
        "line": 13,
        "character": 1
      }
    },
    "selectionRange": {
      "start": {
        "line": 1,
        "character": 0
      },
      "end": {
        "line": 13,
        "character": 1
      }
    },
    "children": [
      {
        "name": "$func",
        "kind": 12,
        "range": {
          "start": {
            "line": 2,
            "character": 4
          },
          "end": {
            "line": 2,
            "character": 75
          }
        },
        "selectionRange": {
          "start": {
            "line": 2,
            "character": 10
          },
          "end": {
            "line": 2,
            "character": 15
          }
        },
        "children": [
          {
            "name": "$l1",
            "kind": 13,
            "range": {
              "start": {
                "line": 2,
                "character": 31
              },
              "end": {
                "line": 2,
                "character": 46
              }
            },
            "selectionRange": {
              "start": {
                "line": 2,
                "character": 38
              },
              "end": {
                "line": 2,
                "character": 41
              }
            }
          },
          {
            "name": "$l2",
            "kind": 13,
            "range": {
              "start": {
                "line": 2,
                "character": 47
              },
              "end": {
                "line": 2,
                "character": 62
              }
            },
            "selectionRange": {
              "start": {
                "line": 2,
                "character": 54
              },
              "end": {
                "line": 2,
                "character": 57
              }
            }
          },
          {
            "name": "local 3",
            "kind": 13,
            "range": {
              "start": {
                "line": 2,
                "character": 70
              },
              "end": {
                "line": 2,
                "character": 73
              }
            },
            "selectionRange": {
              "start": {
                "line": 2,
                "character": 70
              },
              "end": {
                "line": 2,
                "character": 73
              }
            }
          }
        ]
      },
      {
        "name": "func 1",
        "kind": 12,
        "range": {
          "start": {
            "line": 3,
            "character": 4
          },
          "end": {
            "line": 3,
            "character": 19
          }
        },
        "selectionRange": {
          "start": {
            "line": 3,
            "character": 4
          },
          "end": {
            "line": 3,
            "character": 19
          }
        }
      },
      {
        "name": "type 0",
        "detail": "func",
        "kind": 5,
        "range": {
          "start": {
            "line": 4,
            "character": 4
          },
          "end": {
            "line": 4,
            "character": 17
          }
        },
        "selectionRange": {
          "start": {
            "line": 4,
            "character": 4
          },
          "end": {
            "line": 4,
            "character": 17
          }
        }
      },
      {
        "name": "$ty",
        "detail": "func",
        "kind": 5,
        "range": {
          "start": {
            "line": 5,
            "character": 4
          },
          "end": {
            "line": 5,
            "character": 21
          }
        },
        "selectionRange": {
          "start": {
            "line": 5,
            "character": 10
          },
          "end": {
            "line": 5,
            "character": 13
          }
        }
      },
      {
        "name": "$struct",
        "detail": "struct",
        "kind": 5,
        "range": {
          "start": {
            "line": 6,
            "character": 4
          },
          "end": {
            "line": 6,
            "character": 27
          }
        },
        "selectionRange": {
          "start": {
            "line": 6,
            "character": 10
          },
          "end": {
            "line": 6,
            "character": 17
          }
        }
      },
      {
        "name": "$array",
        "detail": "array",
        "kind": 5,
        "range": {
          "start": {
            "line": 7,
            "character": 4
          },
          "end": {
            "line": 7,
            "character": 25
          }
        },
        "selectionRange": {
          "start": {
            "line": 7,
            "character": 10
          },
          "end": {
            "line": 7,
            "character": 16
          }
        }
      },
      {
        "name": "$global",
        "kind": 13,
        "range": {
          "start": {
            "line": 8,
            "character": 4
          },
          "end": {
            "line": 8,
            "character": 24
          }
        },
        "selectionRange": {
          "start": {
            "line": 8,
            "character": 12
          },
          "end": {
            "line": 8,
            "character": 19
          }
        }
      },
      {
        "name": "global 1",
        "kind": 13,
        "range": {
          "start": {
            "line": 9,
            "character": 4
          },
          "end": {
            "line": 9,
            "character": 16
          }
        },
        "selectionRange": {
          "start": {
            "line": 9,
            "character": 4
          },
          "end": {
            "line": 9,
            "character": 16
          }
        }
      },
      {
        "name": "$memory",
        "kind": 13,
        "range": {
          "start": {
            "line": 10,
            "character": 4
          },
          "end": {
            "line": 10,
            "character": 22
          }
        },
        "selectionRange": {
          "start": {
            "line": 10,
            "character": 12
          },
          "end": {
            "line": 10,
            "character": 19
          }
        }
      },
      {
        "name": "memory 1",
        "kind": 13,
        "range": {
          "start": {
            "line": 11,
            "character": 4
          },
          "end": {
            "line": 11,
            "character": 14
          }
        },
        "selectionRange": {
          "start": {
            "line": 11,
            "character": 4
          },
          "end": {
            "line": 11,
            "character": 14
          }
        }
      },
      {
        "name": "$table",
        "kind": 13,
        "range": {
          "start": {
            "line": 12,
            "character": 4
          },
          "end": {
            "line": 12,
            "character": 28
          }
        },
        "selectionRange": {
          "start": {
            "line": 12,
            "character": 11
          },
          "end": {
            "line": 12,
            "character": 17
          }
        }
      }
    ]
  },
  {
    "name": "module",
    "kind": 2,
    "range": {
      "start": {
        "line": 15,
        "character": 0
      },
      "end": {
        "line": 17,
        "character": 1
      }
    },
    "selectionRange": {
      "start": {
        "line": 15,
        "character": 0
      },
      "end": {
        "line": 17,
        "character": 1
      }
    },
    "children": [
      {
        "name": "func 0",
        "kind": 12,
        "range": {
          "start": {
            "line": 16,
            "character": 4
          },
          "end": {
            "line": 16,
            "character": 10
          }
        },
        "selectionRange": {
          "start": {
            "line": 16,
            "character": 4
          },
          "end": {
            "line": 16,
            "character": 10
          }
        }
      }
    ]
  }
]
