---
source: crates/service/tests/hover/mod.rs
expression: response
---
{
  "contents": {
    "kind": "markdown",
    "value": "```wat\n(loop (result i32) (result f32))\n```"
  },
  "range": {
    "start": {
      "line": 3,
      "character": 5
    },
    "end": {
      "line": 3,
      "character": 9
    }
  }
}
