---
source: crates/service/tests/hover/mod.rs
expression: response
---
{
  "contents": {
    "kind": "markdown",
    "value": "```wat\n(type $type (func))\n```"
  },
  "range": {
    "start": {
      "line": 2,
      "character": 10
    },
    "end": {
      "line": 2,
      "character": 15
    }
  }
}
