---
source: crates/service/tests/hover/mod.rs
expression: response
---
{
  "contents": {
    "kind": "markdown",
    "value": "```wat\n(type $ct (cont $ft))\n```\nwhere [`$ft`](untitled:test#4,9):\n```wat\n(type (func))\n```"
  },
  "range": {
    "start": {
      "line": 4,
      "character": 20
    },
    "end": {
      "line": 4,
      "character": 23
    }
  }
}
