---
source: crates/service/tests/document_highlight/mod.rs
expression: response
---
[
  {
    "range": {
      "start": {
        "line": 2,
        "character": 20
      },
      "end": {
        "line": 2,
        "character": 23
      }
    },
    "kind": 1
  },
  {
    "range": {
      "start": {
        "line": 3,
        "character": 20
      },
      "end": {
        "line": 3,
        "character": 23
      }
    },
    "kind": 1
  }
]
