---
source: crates/service/tests/diagnostics/typeck/offset.rs
expression: response
---
{
  "kind": "full",
  "items": [
    {
      "range": {
        "start": {
          "line": 5,
          "character": 17
        },
        "end": {
          "line": 5,
          "character": 18
        }
      },
      "severity": 1,
      "code": "type-check",
      "source": "wat",
      "message": "expected types [i32], found [i64] at the end",
      "relatedInformation": [
        {
          "location": {
            "uri": "untitled:test",
            "range": {
              "start": {
                "line": 5,
                "character": 6
              },
              "end": {
                "line": 5,
                "character": 17
              }
            }
          },
          "message": "expected type `i32`, found `i64`"
        }
      ]
    },
    {
      "range": {
        "start": {
          "line": 9,
          "character": 4
        },
        "end": {
          "line": 9,
          "character": 17
        }
      },
      "severity": 1,
      "code": "type-check",
      "source": "wat",
      "message": "expected types [i32], found [i64] at the end",
      "relatedInformation": [
        {
          "location": {
            "uri": "untitled:test",
            "range": {
              "start": {
                "line": 9,
                "character": 4
              },
              "end": {
                "line": 9,
                "character": 17
              }
            }
          },
          "message": "expected type `i32`, found `i64`"
        }
      ]
    }
  ]
}
